
DELL@DESKTOP-ATLJDEK MINGW64 ~
$ git config --global user.name"Aurora0923"

DELL@DESKTOP-ATLJDEK MINGW64 ~
$ git config --global user.email"3138131664@qq.com"

DELL@DESKTOP-ATLJDEK MINGW64 ~
$ git init
Initialized empty Git repository in C:/Users/DELL/.git/

DELL@DESKTOP-ATLJDEK MINGW64 ~ (master)
$ git clone https://github.com/Aurora0923/xinxisuyang.git
Cloning into 'xinxisuyang'...
remote: Enumerating objects: 3, done.
remote: Counting objects: 100% (3/3), done.
remote: Total 3 (delta 0), reused 0 (delta 0), pack-reused 0
Unpacking objects: 100% (3/3), done.

DELL@DESKTOP-ATLJDEK MINGW64 ~ (master)
$ git add 我眼中的信息素养课程.md
fatal: pathspec '我眼中的信息素养课程.md' did not match any files

DELL@DESKTOP-ATLJDEK MINGW64 ~ (master)
$ cd xinxisuyang

DELL@DESKTOP-ATLJDEK MINGW64 ~/xinxisuyang (main)
$ git sdd
$ ggit: 'sdd' is not a git command. See 'git --help'.

The most similar command is
        add

DELL@DESKTOP-ATLJDEK MINGW64 ~/xinxisuyang (main)
$ DELL@DESKTOP-ATLJDEK MINGW64 ~ (master)
bash: syntax error near unexpected token `('

DELL@DESKTOP-ATLJDEK MINGW64 ~/xinxisuyang (main)
$ git add我眼中的信息素养课程.md
git: 'add我眼中的信息素养课程.md' is not a git command. See 'git --help'.

DELL@DESKTOP-ATLJDEK MINGW64 ~/xinxisuyang (main)
$ cd e:/信息素养:/
bash: cd: e:/信息素养:/: No such file or directory

DELL@DESKTOP-ATLJDEK MINGW64 ~/xinxisuyang (main)
$ git add README.md

DELL@DESKTOP-ATLJDEK MINGW64 ~/xinxisuyang (main)
$ git commit -m README.md

*** Please tell me who you are.

Run

  git config --global user.email "you@example.com"
  git config --global user.name "Your Name"

to set your account's default identity.
Omit --global to set the identity only in this repository.

fatal: unable to auto-detect email address (got 'DELL@DESKTOP-ATLJDEK.(none)')

DELL@DESKTOP-ATLJDEK MINGW64 ~/xinxisuyang (main)
$ git commit -m "upload README.md"

*** Please tell me who you are.

Run

  git config --global user.email "you@example.com"
  git config --global user.name "Your Name"

to set your account's default identity.
Omit --global to set the identity only in this repository.

fatal: unable to auto-detect email address (got 'DELL@DESKTOP-ATLJDEK.(none)')

DELL@DESKTOP-ATLJDEK MINGW64 ~/xinxisuyang (main)
$ git commit -m "upload README.md"

*** Please tell me who you are.

Run

  git config --global user.email "you@example.com"
  git config --global user.name "Your Name"

to set your account's default identity.
Omit --global to set the identity only in this repository.

fatal: unable to auto-detect email address (got 'DELL@DESKTOP-ATLJDEK.(none)')

DELL@DESKTOP-ATLJDEK MINGW64 ~/xinxisuyang (main)
$ git config --global user.name "Aurora0923"

DELL@DESKTOP-ATLJDEK MINGW64 ~/xinxisuyang (main)
$ git config --global user.email "3138131664@qq.com"

DELL@DESKTOP-ATLJDEK MINGW64 ~/xinxisuyang (main)
$ git init
Reinitialized existing Git repository in C:/Users/DELL/xinxisuyang/.git/

DELL@DESKTOP-ATLJDEK MINGW64 ~/xinxisuyang (main)
$ git add README.md

DELL@DESKTOP-ATLJDEK MINGW64 ~/xinxisuyang (main)
$ git commit -m "upload README.md"
[main 043c753] upload README.md
 1 file changed, 34 insertions(+), 1 deletion(-)
 rewrite README.md (100%)

DELL@DESKTOP-ATLJDEK MINGW64 ~/xinxisuyang (main)
$ git push
Logon failed, use ctrl+c to cancel basic credential prompt.
Username for 'https://github.com': Aurora0923
Enumerating objects: 5, done.
Counting objects: 100% (5/5), done.
Delta compression using up to 8 threads
Compressing objects: 100% (2/2), done.
Writing objects: 100% (3/3), 1.12 KiB | 1.13 MiB/s, done.
Total 3 (delta 0), reused 0 (delta 0)
To https://github.com/Aurora0923/xinxisuyang.git
   edd63fb..043c753  main -> main

DELL@DESKTOP-ATLJDEK MINGW64 ~/xinxisuyang (main)
$
